[INFO] Scanning for projects...
[INFO] 
[INFO] --------------------< com.algerac:algerac-platform >--------------------
[INFO] Building ALGERAC Platform 1.0.0
[INFO]   from pom.xml
[INFO] --------------------------------[ jar ]---------------------------------
[INFO] 
[INFO] >>> spring-boot:3.5.10:run (default-cli) > test-compile @ algerac-platform >>>
[INFO] 
[INFO] --- resources:3.3.1:resources (default-resources) @ algerac-platform ---
[INFO] Copying 1 resource from src\main\resources to target\classes
[INFO] Copying 3 resources from src\main\resources to target\classes
[INFO] 
[INFO] --- compiler:3.14.1:compile (default-compile) @ algerac-platform ---
[INFO] Nothing to compile - all classes are up to date.
[INFO] 
[INFO] --- resources:3.3.1:testResources (default-testResources) @ algerac-platform ---
[INFO] skip non existing resourceDirectory C:\Users\la_no\OneDrive\Desktop\algerac-platform\backend\src\test\resources
[INFO] 
[INFO] --- compiler:3.14.1:testCompile (default-testCompile) @ algerac-platform ---
[INFO] No sources to compile
[INFO] 
[INFO] <<< spring-boot:3.5.10:run (default-cli) < test-compile @ algerac-platform <<<
[INFO] 
[INFO] 
[INFO] --- spring-boot:3.5.10:run (default-cli) @ algerac-platform ---
[INFO] Attaching agents: []

  .   ____          _            __ _ _
 /\\ / ___'_ __ _ _(_)_ __  __ _ \ \ \ \
( ( )\___ | '_ | '_| | '_ \/ _` | \ \ \ \
 \\/  ___)| |_)| | | | | || (_| |  ) ) ) )
  '  |____| .__|_| |_|_| |_\__, | / / / /
 =========|_|==============|___/=/_/_/_/

 :: Spring Boot ::               (v3.5.10)

2026-04-20T20:50:37.340+01:00  INFO 5300 --- [  restartedMain] com.algerac.AlgeracPlatformApplication   : Starting AlgeracPlatformApplication using Java 21.0.9 with PID 5300 (C:\Users\la_no\OneDrive\Desktop\algerac-platform\backend\target\classes started by la_no in C:\Users\la_no\OneDrive\Desktop\algerac-platform\backend)
2026-04-20T20:50:37.370+01:00  INFO 5300 --- [  restartedMain] com.algerac.AlgeracPlatformApplication   : No active profile set, falling back to 1 default profile: "default"
2026-04-20T20:50:37.662+01:00  INFO 5300 --- [  restartedMain] .e.DevToolsPropertyDefaultsPostProcessor : Devtools property defaults active! Set 'spring.devtools.add-properties' to 'false' to disable
2026-04-20T20:50:37.672+01:00  INFO 5300 --- [  restartedMain] .e.DevToolsPropertyDefaultsPostProcessor : For additional web related logging consider setting the 'logging.level.web' property to 'DEBUG'
2026-04-20T20:50:44.614+01:00  INFO 5300 --- [  restartedMain] .s.d.r.c.RepositoryConfigurationDelegate : Bootstrapping Spring Data JPA repositories in DEFAULT mode.
2026-04-20T20:50:45.741+01:00  INFO 5300 --- [  restartedMain] .s.d.r.c.RepositoryConfigurationDelegate : Finished Spring Data repository scanning in 1067 ms. Found 46 JPA repository interfaces.
2026-04-20T20:50:49.714+01:00  INFO 5300 --- [  restartedMain] o.s.b.w.embedded.tomcat.TomcatWebServer  : Tomcat initialized with port 8082 (http)
2026-04-20T20:50:49.789+01:00  INFO 5300 --- [  restartedMain] o.apache.catalina.core.StandardService   : Starting service [Tomcat]
2026-04-20T20:50:49.791+01:00  INFO 5300 --- [  restartedMain] o.apache.catalina.core.StandardEngine    : Starting Servlet engine: [Apache Tomcat/10.1.50]
2026-04-20T20:50:50.005+01:00  INFO 5300 --- [  restartedMain] o.a.c.c.C.[Tomcat].[localhost].[/]       : Initializing Spring embedded WebApplicationContext
2026-04-20T20:50:50.029+01:00  INFO 5300 --- [  restartedMain] w.s.c.ServletWebServerApplicationContext : Root WebApplicationContext: initialization completed in 12348 ms
2026-04-20T20:50:50.806+01:00  INFO 5300 --- [  restartedMain] o.hibernate.jpa.internal.util.LogHelper  : HHH000204: Processing PersistenceUnitInfo [name: default]
2026-04-20T20:50:51.053+01:00  INFO 5300 --- [  restartedMain] org.hibernate.Version                    : HHH000412: Hibernate ORM core version 6.6.41.Final
2026-04-20T20:50:51.180+01:00  INFO 5300 --- [  restartedMain] o.h.c.internal.RegionFactoryInitiator    : HHH000026: Second-level cache disabled
2026-04-20T20:50:52.196+01:00  INFO 5300 --- [  restartedMain] o.s.o.j.p.SpringPersistenceUnitInfo      : No LoadTimeWeaver setup: ignoring JPA class transformer
2026-04-20T20:50:52.346+01:00  INFO 5300 --- [  restartedMain] com.zaxxer.hikari.HikariDataSource       : HikariPool-1 - Starting...
2026-04-20T20:50:53.133+01:00  INFO 5300 --- [  restartedMain] com.zaxxer.hikari.pool.HikariPool        : HikariPool-1 - Added connection org.postgresql.jdbc.PgConnection@110a79b5
2026-04-20T20:50:53.149+01:00  INFO 5300 --- [  restartedMain] com.zaxxer.hikari.HikariDataSource       : HikariPool-1 - Start completed.
2026-04-20T20:50:53.251+01:00  WARN 5300 --- [  restartedMain] org.hibernate.orm.deprecation            : HHH90000025: PostgreSQLDialect does not need to be specified explicitly using 'hibernate.dialect' (remove the property setting and it will be selected by default)
2026-04-20T20:50:53.315+01:00  INFO 5300 --- [  restartedMain] org.hibernate.orm.connections.pooling    : HHH10001005: Database info:
	Database JDBC URL [Connecting through datasource 'HikariDataSource (HikariPool-1)']
	Database driver: undefined/unknown
	Database version: 18.1
	Autocommit mode: undefined/unknown
	Isolation level: undefined/unknown
	Minimum pool size: undefined/unknown
	Maximum pool size: undefined/unknown
2026-04-20T20:51:00.752+01:00  INFO 5300 --- [  restartedMain] o.h.e.t.j.p.i.JtaPlatformInitiator       : HHH000489: No JTA platform available (set 'hibernate.transaction.jta.platform' to enable JTA platform integration)
2026-04-20T20:51:02.188+01:00  INFO 5300 --- [  restartedMain] j.LocalContainerEntityManagerFactoryBean : Initialized JPA EntityManagerFactory for persistence unit 'default'
2026-04-20T20:51:07.537+01:00  INFO 5300 --- [  restartedMain] o.s.d.j.r.query.QueryEnhancerFactory     : Hibernate is in classpath; If applicable, HQL parser will be used.
2026-04-20T20:51:09.976+01:00  WARN 5300 --- [  restartedMain] JpaBaseConfiguration$JpaWebConfiguration : spring.jpa.open-in-view is enabled by default. Therefore, database queries may be performed during view rendering. Explicitly configure spring.jpa.open-in-view to disable this warning
2026-04-20T20:51:10.738+01:00  WARN 5300 --- [  restartedMain] .s.s.UserDetailsServiceAutoConfiguration : 

Using generated security password: 88f50ea3-ff29-4367-86a6-f11a0af1ba0e

This generated password is for development use only. Your security configuration must be updated before running your application in production.

2026-04-20T20:51:10.772+01:00  INFO 5300 --- [  restartedMain] r$InitializeUserDetailsManagerConfigurer : Global AuthenticationManager configured with UserDetailsService bean with name inMemoryUserDetailsManager
2026-04-20T20:51:11.905+01:00  INFO 5300 --- [  restartedMain] o.s.b.d.a.OptionalLiveReloadServer       : LiveReload server is running on port 35729
2026-04-20T20:51:12.083+01:00  INFO 5300 --- [  restartedMain] o.s.b.w.embedded.tomcat.TomcatWebServer  : Tomcat started on port 8082 (http) with context path '/'
2026-04-20T20:51:12.153+01:00  INFO 5300 --- [  restartedMain] com.algerac.AlgeracPlatformApplication   : Started AlgeracPlatformApplication in 40.097 seconds (process running for 42.895)
2026-04-20T20:51:12.452+01:00  INFO 5300 --- [  restartedMain] c.algerac.config.WorkflowTestDataSeeder  : WorkflowTestDataSeeder: seeding comprehensive PRO 12 workflow data...
2026-04-20T20:51:12.755+01:00  WARN 5300 --- [  restartedMain] c.algerac.config.WorkflowTestDataSeeder  : WorkflowTestDataSeeder: required users not found, skipping.
2026-04-20T20:51:26.079+01:00  INFO 5300 --- [nio-8082-exec-1] o.a.c.c.C.[Tomcat].[localhost].[/]       : Initializing Spring DispatcherServlet 'dispatcherServlet'
2026-04-20T20:51:26.096+01:00  INFO 5300 --- [nio-8082-exec-1] o.s.web.servlet.DispatcherServlet        : Initializing Servlet 'dispatcherServlet'
2026-04-20T20:51:26.107+01:00  INFO 5300 --- [nio-8082-exec-1] o.s.web.servlet.DispatcherServlet        : Completed initialization in 11 ms
2026-04-20T20:51:26.658+01:00  INFO 5300 --- [nio-8082-exec-1] com.algerac.controller.AuthController    : [CONTROLLER] Forgot password: asmaa9nouali@gmail.com
2026-04-20T20:51:26.670+01:00  INFO 5300 --- [nio-8082-exec-1] com.algerac.service.AuthService          : [AUTH SERVICE] Forgot password pour: asmaa9nouali@gmail.com
2026-04-20T20:51:26.698+01:00  INFO 5300 --- [nio-8082-exec-1] com.algerac.service.AuthService          : [AUTH SERVICE] OTP généré pour asmaa9nouali@gmail.com
2026-04-20T20:51:26.873+01:00  INFO 5300 --- [nio-8082-exec-1] com.algerac.service.EmailService         : [EMAIL SERVICE] Début sendOtpResetPassword pour asmaa9nouali@gmail.com (OTP: 964192)
2026-04-20T20:51:31.986+01:00  INFO 5300 --- [nio-8082-exec-1] com.algerac.service.EmailService         : OTP email sent to asmaa9nouali@gmail.com
2026-04-20T20:51:31.990+01:00  INFO 5300 --- [nio-8082-exec-1] com.algerac.service.AuthService          : [AUTH SERVICE] Email OTP envoyé avec succès
2026-04-20T20:51:32.017+01:00  INFO 5300 --- [nio-8082-exec-1] com.algerac.controller.AuthController    : [CONTROLLER][DEV] OTP for asmaa9nouali@gmail.com: 964192
[INFO] ------------------------------------------------------------------------
[INFO] BUILD FAILURE
[INFO] ------------------------------------------------------------------------
[INFO] Total time:  03:04 min
[INFO] Finished at: 2026-04-20T20:53:24+01:00
[INFO] ------------------------------------------------------------------------
[ERROR] Failed to execute goal org.springframework.boot:spring-boot-maven-plugin:3.5.10:run (default-cli) on project algerac-platform: Process terminated with exit code: 1 -> [Help 1]
[ERROR] 
[ERROR] To see the full stack trace of the errors, re-run Maven with the -e switch.
[ERROR] Re-run Maven using the -X switch to enable full debug logging.
[ERROR] 
[ERROR] For more information about the errors and possible solutions, please read the following articles:
[ERROR] [Help 1] http://cwiki.apache.org/confluence/display/MAVEN/MojoExecutionException
